// Jest Snapshot v1, https://goo.gl/fbAQLP

exports[`Should render login form 1`] = `
<div
  className="flex"
>
  <div
    className="login-block"
  >
    <SocialLoginBtn />
    <form
      className="login-block__form"
    >
      <input
        className=""
        name="email"
        onBlur={[Function]}
        onChange={[Function]}
        placeholder="email"
        required={true}
        type="email"
        value=""
      />
      <input
        className=""
        name="password"
        onBlur={[Function]}
        onChange={[Function]}
        placeholder="password"
        required={true}
        type="password"
        value=""
      />
      <button
        className="button button--primary"
        onClick={[Function]}
      >
        <span
          className="button__text--login undefined"
        >
          Login
        </span>
        <span />
      </button>
    </form>
    <SocialLoginIcons />
  </div>
</div>
`;
