// Jest Snapshot v1, https://goo.gl/fbAQLP

exports[`Should render ResetPassword correctly 1`] = `
<div
  className="flex modal-wrapper"
>
  <div
    className="modal-form-container"
  >
    <div
      className="modal-header"
    >
      <div
        className="logo-container"
      >
        <h3>
          Enter Password
        </h3>
      </div>
    </div>
    <div
      className="reset-password-form__container"
    >
      <form
        className="reset-password-form__form"
      >
        <div>
          <small
            className="password-error-message"
          >
             
          </small>
          <input
            className=""
            name="password"
            onBlur={[Function]}
            onChange={[Function]}
            placeholder="Old Password"
            required={true}
            type="password"
            value=""
          />
        </div>
        <div>
          <small
            className="password-error-message"
          >
             
          </small>
          <input
            className=""
            name="confirm-password"
            onBlur={[Function]}
            onChange={[Function]}
            placeholder="New Password"
            required={true}
            type="password"
            value=""
          />
        </div>
        <button
          className="button button--primary"
          disabled=""
          name="submit"
          onClick={[Function]}
        >
          <span
            className="button__text--login undefined"
          >
            Submit
          </span>
          <span />
        </button>
      </form>
    </div>
  </div>
</div>
`;
