// Jest Snapshot v1, https://goo.gl/fbAQLP

exports[`Should render static component 1`] = `
<div
  className="flex search-error"
>
  <FontAwesomeIcon
    border={false}
    className=""
    color="#ff0000"
    fixedWidth={false}
    flip={null}
    icon={
      Object {
        "icon": Array [
          512,
          512,
          Array [],
          "f057",
          "M256 8C119 8 8 119 8 256s111 248 248 248 248-111 248-248S393 8 256 8zm0 448c-110.5 0-200-89.5-200-200S145.5 56 256 56s200 89.5 200 200-89.5 200-200 200zm101.8-262.2L295.6 256l62.2 62.2c4.7 4.7 4.7 12.3 0 17l-22.6 22.6c-4.7 4.7-12.3 4.7-17 0L256 295.6l-62.2 62.2c-4.7 4.7-12.3 4.7-17 0l-22.6-22.6c-4.7-4.7-4.7-12.3 0-17l62.2-62.2-62.2-62.2c-4.7-4.7-4.7-12.3 0-17l22.6-22.6c4.7-4.7 12.3-4.7 17 0l62.2 62.2 62.2-62.2c4.7-4.7 12.3-4.7 17 0l22.6 22.6c4.7 4.7 4.7 12.3 0 17z",
        ],
        "iconName": "times-circle",
        "prefix": "far",
      }
    }
    inverse={false}
    listItem={false}
    mask={null}
    pull={null}
    pulse={false}
    rotation={null}
    size="3x"
    spin={false}
    symbol={false}
    title=""
    transform={null}
  />
     
  <h2>
    No Article was found in this category
  </h2>
</div>
`;
