// Jest Snapshot v1, https://goo.gl/fbAQLP

exports[`Should render post-feed-top-section with stats correctly 1`] = `
<div
  className="auto-container"
>
  <div
    className="section-title"
  >
    Latest Publications
  </div>
  <div
    className="post-stream-top"
  >
    <PostCard
      article={
        Object {
          "author": Object {
            "imageUrl": "http://res.cloudinary.com/jsamcloud12/image/upload/v1552059783/profiles/2019-03-08T15:43:03.282Z.jpg",
            "username": "samcotech",
          },
          "body": "Lorem Ipsum is simply dummy text of the printing and typesetting industry. <img src='site.com/image.jpg' /> Lorem Ipsum has been the industry's standard dummy text ever since the 1500s, when an unknown printer took a galley of type and scrambled it to make a type specimen book. It has survived not only five centuries, but also the leap into electronic typesetting, remaining essentially unchanged. It was popularised in the 1960s with the release of Letraset sheets containing Lorem Ipsum passages, and more recently with desktop publishing software like Aldus PageMaker including versions of Lorem Ipsum",
          "categoryId": 1,
          "comments": Array [
            Object {
              "articleId": "8ee5e8ed-ecdf-41c1-9b94-6c6bb712a77a",
              "commentBody": "Article comme",
              "createdAt": "2019-03-11T15:51:56.685Z",
              "id": "59df4232-0603-44a1-a560-7beffe5569fa",
              "userId": "b590e871-3df2-4cd2-b97f-569c3490b0fa",
            },
          ],
          "createdAt": "2019-03-07T21:05:17.071Z",
          "description": "this is the description",
          "id": "8ee5e8ed-ecdf-41c1-9b94-6c6bb712a77a",
          "likesCount": 20,
          "readTime": "1 minute",
          "references": null,
          "slug": "this-is-the-title",
          "title": "this is the title",
          "updatedAt": "2019-03-07T21:05:17.071Z",
        }
      }
      categories={
        Array [
          Object {
            "id": 1,
            "name": "tech",
          },
          Object {
            "id": 2,
            "name": "fashion",
          },
          Object {
            "id": 3,
            "name": "lifestyle",
          },
          Object {
            "id": 4,
            "name": "health",
          },
          Object {
            "id": 5,
            "name": "science",
          },
          Object {
            "id": 6,
            "name": "politics",
          },
        ]
      }
      key="8ee5e8ed-ecdf-41c1-9b94-6c6bb712a77a"
      size="big"
    />
  </div>
</div>
`;
