// Jest Snapshot v1, https://goo.gl/fbAQLP

exports[`Test for the feed bottom component should fail to dislike an article 1`] = `
<ContextConsumer>
  <Component />
</ContextConsumer>
`;
